MemTotal:        106 kB
MemFree:          118 kB
MemAvailable:    134 kB
Buffers:            154 kB
Cached:          178 kB
SwapCached:      206 kB
Active:          238 kB
Inactive:        274 kB
Active(anon):     314 kB
Inactive(anon):  358 kB
Active(file):    406 kB
Inactive(file):  458 kB
Unevictable:      514 kB
Mlocked:          574 kB
SwapTotal:       638 kB
SwapFree:        706 kB
Dirty:               778 kB
Writeback:             854 kB
AnonPages:       934 kB
Mapped:           1018 kB
Shmem:             1106 kB
KReclaimable:     1198 kB
Slab:             1294 kB
SReclaimable:     1394 kB
SUnreclaim:       1498 kB
KernelStack:       1606 kB
ShadowCallStack:   1718 kB
PageTables:        1834 kB
NFS_Unstable:          1954 kB
Bounce:                2078 kB
WritebackTmp:          2206 kB
CommitLimit:     2338 kB
Committed_AS:   2474 kB
VmallocTotal:   2614 kB
VmallocUsed:      2758 kB
VmallocChunk:          2906 kB
Percpu:            3058 kB
AnonHugePages:         3214 kB
ShmemHugePages:        3374 kB
ShmemPmdMapped:        3538 kB
FileHugePages:     3706 kB
FilePmdMapped:     3878 kB
CmaTotal:        4054 kB
CmaFree:               4234 kB
ION_heap:         4418 kB
ION_heap_pool:       4606 kB
